[pastel.diplomatie.gouv.fr/etudesenfrance/dyn/public/authentification/login.html]
[backblue.gif]
[fade.gif]
[index.html]
[cdn.diplomatie.gouv.fr/yui/yui/3.8.1/yui/yui-min.js]
[pastel.diplomatie.gouv.fr/etudesenfrance/dyn/public/authentification/login.html;jsessionid=0FABEF900F42530B440B1DA874E3F31B7a76.html]
[pastel.diplomatie.gouv.fr/etudesenfrance/dyn/public/authentification/login.html;jsessionid=0FABEF900F42530B440B1DA874E3F31B789f.html]
[pastel.diplomatie.gouv.fr/etudesenfrance/dyn/public/authentification/dyn/public/pageCatalogueFormation.html]
[pastel.diplomatie.gouv.fr/etudesenfrance/dyn/public/authentification/login.html]
[pastel.diplomatie.gouv.fr/etudesenfrance/static-3.57.4/gallery/gallery-dse/dist/core/core.min.css]
[pastel.diplomatie.gouv.fr/etudesenfrance/static-3.57.4/gallery/gallery-dse/dist/component/component.min.css]
[pastel.diplomatie.gouv.fr/etudesenfrance/static-3.57.4/gallery/gallery-dse/dist/legacy/legacy.nomodule.min.js]
[pastel.diplomatie.gouv.fr/etudesenfrance/static-3.57.4/gallery/gallery-dse/dist/core/core.module.js]
[pastel.diplomatie.gouv.fr/etudesenfrance/static-3.57.4/gallery/gallery-dse/dist/core/core.nomodule.js]
[pastel.diplomatie.gouv.fr/etudesenfrance/static-3.57.4/gallery/gallery-dse/dist/scheme/scheme.module.js]
[pastel.diplomatie.gouv.fr/etudesenfrance/static-3.57.4/gallery/gallery-dse/dist/component/component.module.min.js]
[pastel.diplomatie.gouv.fr/etudesenfrance/static-3.57.4/gallery/gallery-dse/dist/component/component.nomodule.min.js]
[pastel.diplomatie.gouv.fr/etudesenfrance/static-3.57.4/gallery/gallery-dse/dist/component/modal/modal.module.js]
[pastel.diplomatie.gouv.fr/etudesenfrance/static-3.57.4/js/hornetconfig.js]
[pastel.diplomatie.gouv.fr/etudesenfrance/static-3.57.4/js/authentification/login.js]
[pastel.diplomatie.gouv.fr/etudesenfrance/static-3.57.4/gallery/gallery-dse/dist/component/button/button.module.js]
[pastel.diplomatie.gouv.fr/etudesenfrance/static-3.57.4/gallery/gallery-dse/dist/component/button/button.nomodule.js]
[pastel.diplomatie.gouv.fr/etudesenfrance/static-3.57.4/gallery/gallery-dse/dist/component/modal/modal.nomodule.js]
[pastel.diplomatie.gouv.fr/etudesenfrance/static-3.57.4/js/hornet-xcombine-js-eef-min.js]
[pastel.diplomatie.gouv.fr/etudesenfrance/static-3.57.4/gallery/gallery-dse/dist/dsfr/dsfr.css]
[pastel.diplomatie.gouv.fr/etudesenfrance/static-3.57.4/gallery/gallery-dse/dist/component/button/button.css]
[pastel.diplomatie.gouv.fr/etudesenfrance/static-3.57.4/gallery/gallery-dse/dist/component/modal/modal.css]
[pastel.diplomatie.gouv.fr/etudesenfrance/static-3.57.4/gallery/gallery-dse/dist/dsfr/dsfr.min.css]
[pastel.diplomatie.gouv.fr/etudesenfrance/static-3.57.4/gallery/gallery-dse/dist/component/link/link.min.css]
[pastel.diplomatie.gouv.fr/etudesenfrance/static-3.57.4/gallery/gallery-dse/dist/component/form/form.min.css]
[pastel.diplomatie.gouv.fr/etudesenfrance/static-3.57.4/gallery/gallery-dse/dist/component/radio/radio.min.css]
[pastel.diplomatie.gouv.fr/etudesenfrance/static-3.57.4/gallery/gallery-dse/dist/component/modal/modal.min.css]
[pastel.diplomatie.gouv.fr/etudesenfrance/static-3.57.4/gallery/gallery-dse/dist/component/consent/consent.min.css]
[pastel.diplomatie.gouv.fr/etudesenfrance/static-3.57.4/css/authentification/login.css]
[pastel.diplomatie.gouv.fr/etudesenfrance/static-3.57.4/themes/hornet-skin-etudesenfrance/arborescence.css]
[pastel.diplomatie.gouv.fr/etudesenfrance/static-3.57.4/css/authentification/fresque.css]
[pastel.diplomatie.gouv.fr/etudesenfrance/static-3.57.4/css/authentification/roadmap.css]
[pastel.diplomatie.gouv.fr/etudesenfrance/static-3.57.4/images/Logo_EEF_mobile.png]
[pastel.diplomatie.gouv.fr/etudesenfrance/dyn/public/authentification/login6c77.html]
[pastel.diplomatie.gouv.fr/etudesenfrance/dyn/public/authentification/loginb1ca.html]
[pastel.diplomatie.gouv.fr/etudesenfrance/static-3.57.4/images/image_accueil17928.png]
[pastel.diplomatie.gouv.fr/etudesenfrance/static-3.57.4/images/quiz-image7928.png]
[pastel.diplomatie.gouv.fr/etudesenfrance/static-3.57.4/images/authentification/typo_mesri.png]
[pastel.diplomatie.gouv.fr/etudesenfrance/static-3.57.4/images/authentification/typo_mc.png]
[pastel.diplomatie.gouv.fr/etudesenfrance/static-3.57.4/images/authentification/logo-cge.png]
[pastel.diplomatie.gouv.fr/etudesenfrance/static-3.57.4/images/authentification/logo-cdefi.jpg]
[pastel.diplomatie.gouv.fr/etudesenfrance/static-3.57.4/images/authentification/Pantone_France_Universites_Couleur.png]
[pastel.diplomatie.gouv.fr/etudesenfrance/static-3.57.4/images/authentification/LOGO_CF_CARRE_COULEUR.png]
[pastel.diplomatie.gouv.fr/etudesenfrance/static-3.57.4/images/authentification/logo-institut-francais.png]
[pastel.diplomatie.gouv.fr/etudesenfrance/static-3.57.4/images/authentification/logo-af.png]
[pastel.diplomatie.gouv.fr/etudesenfrance/static-3.57.4/images/authentification/logo-fei.jpg]
[pastel.diplomatie.gouv.fr/etudesenfrance/dyn/public/authentification/login.html;jsessionid=0FABEF900F42530B440B1DA874E3F31B7a76.html]
[pastel.diplomatie.gouv.fr/etudesenfrance/dyn/public/authentification/login4b23.html]
[pastel.diplomatie.gouv.fr/etudesenfrance/dyn/public/authentification/login.html;jsessionid=0FABEF900F42530B440B1DA874E3F31B789f.html]
[pastel.diplomatie.gouv.fr/etudesenfrance/dyn/public/authentification/dyn/public/pageCatalogueFormation.html]
[pastel.diplomatie.gouv.fr/etudesenfrance/static-3.57.4/gallery/gallery-dse/dist/core/core.min.css]
[pastel.diplomatie.gouv.fr/etudesenfrance/static-3.57.4/gallery/gallery-dse/dist/component/component.min.css]
[pastel.diplomatie.gouv.fr/etudesenfrance/static-3.57.4/gallery/gallery-dse/dist/component/modal.nomodule.html]
[pastel.diplomatie.gouv.fr/etudesenfrance/static-3.57.4/gallery/gallery-dse/dist/dsfr/dsfr.css]
[pastel.diplomatie.gouv.fr/etudesenfrance/static-3.57.4/gallery/gallery-dse/dist/dsfr/dsfr.min.css]
[pastel.diplomatie.gouv.fr/etudesenfrance/static-3.57.4/gallery/gallery-dse/dist/component/button/button.css]
[pastel.diplomatie.gouv.fr/etudesenfrance/static-3.57.4/gallery/gallery-dse/dist/component/modal/modal.css]
[pastel.diplomatie.gouv.fr/etudesenfrance/static-3.57.4/gallery/gallery-dse/dist/component/link/link.min.css]
[pastel.diplomatie.gouv.fr/etudesenfrance/static-3.57.4/gallery/gallery-dse/dist/component/form/form.min.css]
[pastel.diplomatie.gouv.fr/etudesenfrance/static-3.57.4/gallery/gallery-dse/dist/component/radio/radio.min.css]
[pastel.diplomatie.gouv.fr/etudesenfrance/static-3.57.4/gallery/gallery-dse/dist/component/modal/modal.min.css]
[pastel.diplomatie.gouv.fr/etudesenfrance/static-3.57.4/gallery/gallery-dse/dist/component/consent/consent.min.css]
[pastel.diplomatie.gouv.fr/etudesenfrance/static-3.57.4/css/authentification/login.css]
[pastel.diplomatie.gouv.fr/etudesenfrance/static-3.57.4/themes/hornet-skin-etudesenfrance/assets/treeview-loading.gif]
[pastel.diplomatie.gouv.fr/etudesenfrance/static-3.57.4/themes/hornet-skin-etudesenfrance/assets/treeview-sprite.png]
[pastel.diplomatie.gouv.fr/etudesenfrance/static-3.57.4/themes/hornet-skin-etudesenfrance/arborescence.css]
[pastel.diplomatie.gouv.fr/etudesenfrance/static-3.57.4/css/authentification/fresque.css]
[pastel.diplomatie.gouv.fr/etudesenfrance/static-3.57.4/css/authentification/roadmap.css]
[pastel.diplomatie.gouv.fr/etudesenfrance/dyn/public/authentification/login6c77.html]
[pastel.diplomatie.gouv.fr/etudesenfrance/dyn/public/authentification/loginb1ca.html]
[pastel.diplomatie.gouv.fr/etudesenfrance/dyn/public/authentification/login4b23.html]
[pastel.diplomatie.gouv.fr/etudesenfrance/static-3.57.4/css/authentification/${imagePortail.html]
