[backblue.gif]
[fade.gif]
[index.html]
[etu.univ-lome.tg/faviconul.ico]
[etu.univ-lome.tg/themes/inspinia/img/logocomplet.png]
[etu.univ-lome.tg/themes/inspinia/js/jquery-2.1.1.js]
[etu.univ-lome.tg/themes/inspinia/js/bootstrap.min.js]
[etu.univ-lome.tg/themes/inspinia/js/plugins/metisMenu/jquery.metisMenu.js]
[etu.univ-lome.tg/themes/inspinia/js/plugins/slimscroll/jquery.slimscroll.min.js]
[etu.univ-lome.tg/themes/inspinia/js/inspinia.js]
[etu.univ-lome.tg/themes/inspinia/js/plugins/pace/pace.min.js]
[etu.univ-lome.tg/themes/inspinia/js/plugins/flot/jquery.flot.js]
[etu.univ-lome.tg/themes/inspinia/js/plugins/flot/jquery.flot.tooltip.min.js]
[etu.univ-lome.tg/themes/inspinia/js/plugins/flot/jquery.flot.resize.js]
[etu.univ-lome.tg/themes/inspinia/js/plugins/chartJs/Chart.min.js]
[etu.univ-lome.tg/themes/inspinia/js/plugins/peity/jquery.peity.min.js]
[etu.univ-lome.tg/themes/inspinia/js/demo/peity-demo.js]
[etu.univ-lome.tg/index.html]
[etu.univ-lome.tg/themes/inspinia/fonts/glyphicons-halflings-regular.eot]
[etu.univ-lome.tg/themes/inspinia/fonts/glyphicons-halflings-regulard41d.eot]
[etu.univ-lome.tg/themes/inspinia/fonts/glyphicons-halflings-regular.woff2]
[etu.univ-lome.tg/themes/inspinia/fonts/glyphicons-halflings-regular.woff]
[etu.univ-lome.tg/themes/inspinia/fonts/glyphicons-halflings-regular.ttf]
[etu.univ-lome.tg/themes/inspinia/css/bootstrap.min.css]
[etu.univ-lome.tg/themes/inspinia/font-awesome/fonts/fontawesome-webfonte0a5.eot]
[etu.univ-lome.tg/themes/inspinia/font-awesome/fonts/fontawesome-webfontd41d.eot]
[etu.univ-lome.tg/themes/inspinia/font-awesome/fonts/fontawesome-webfonte0a5.woff2]
[etu.univ-lome.tg/themes/inspinia/font-awesome/fonts/fontawesome-webfonte0a5.woff]
[etu.univ-lome.tg/themes/inspinia/font-awesome/fonts/fontawesome-webfonte0a5.ttf]
[etu.univ-lome.tg/themes/inspinia/font-awesome/css/font-awesome.css]
[etu.univ-lome.tg/themes/inspinia/css/animate.css]
[etu.univ-lome.tg/themes/inspinia/css/patterns/header-profile.png]
[etu.univ-lome.tg/themes/inspinia/css/patterns/shattered.png]
[etu.univ-lome.tg/themes/inspinia/img/landing/header_one.jpg]
[etu.univ-lome.tg/themes/inspinia/img/landing/header_two.jpg]
[etu.univ-lome.tg/themes/inspinia/img/landing/avatar_all.png]
[etu.univ-lome.tg/themes/inspinia/img/landing/word_map.png]
[etu.univ-lome.tg/themes/inspinia/css/patterns/header-profile-skin-1.png]
[etu.univ-lome.tg/themes/inspinia/css/patterns/header-profile-skin-3.png]
[etu.univ-lome.tg/themes/inspinia/css/patterns/3.png]
[etu.univ-lome.tg/themes/inspinia/css/patterns/4.png]
[etu.univ-lome.tg/themes/inspinia/css/patterns/header-profile-skin-2.png]
[etu.univ-lome.tg/themes/inspinia/css/style.css]
[etu.univ-lome.tg/themes/inspinia/custom/css/style.css]
[etu.univ-lome.tg/themes/inspinia/css/plugins/codemirror/codemirror.css]
[etu.univ-lome.tg/themes/inspinia/css/plugins/codemirror/ambiance.css]
[etu.univ-lome.tg/information/offre.html]
[etu.univ-lome.tg/themes/inspinia/img/logo11.png]
[etu.univ-lome.tg/themes/inspinia/js/plugins/datapicker/bootstrap-datepicker.js]
[etu.univ-lome.tg/themes/inspinia/js/plugins/jasny/jasny-bootstrap.min.js]
[etu.univ-lome.tg/connexion/reinitialisation.html]
[etu.univ-lome.tg/connexion/recherche/identifiant.html]
[etu.univ-lome.tg/bachelier/identification.html]
[etu.univ-lome.tg/themes/inspinia/js/plugins/validate/jquery.validate.min.js]
[etu.univ-lome.tg/bachelier/infoetranger.html]
[etu.univ-lome.tg/connexion/ancien/etudiant/creer/compte.html]
[etu.univ-lome.tg/information/renseignement8c72.html]
[etu.univ-lome.tg/information/renseignement0329.html]
[etu.univ-lome.tg/information/renseignementdc0b.html]
[etu.univ-lome.tg/information/renseignementd7f6.html]
[etu.univ-lome.tg/information/renseignement8370.html]
[etu.univ-lome.tg/information/renseignement71df.html]
[etu.univ-lome.tg/information/renseignement6f22.html]
[etu.univ-lome.tg/themes/inspinia/fonts/glyphicons-halflings-regular.svg]
[etu.univ-lome.tg/themes/inspinia/font-awesome/fonts/fontawesome-webfonte0a5.svg]
[etu.univ-lome.tg/themes/inspinia/css/plugins/sweetalert/sweetalert.css]
[etu.univ-lome.tg/themes/inspinia/js/plugins/footable/footable.all.min.js]
[etu.univ-lome.tg/information/liste/unites/enseignement09a7.html]
[etu.univ-lome.tg/information/liste/unites/enseignementfd52.html]
[etu.univ-lome.tg/information/liste/unites/enseignement176e.html]
[etu.univ-lome.tg/information/liste/unites/enseignementc6a0.html]
[etu.univ-lome.tg/information/liste/unites/enseignement2ecf.html]
[etu.univ-lome.tg/information/liste/unites/enseignement89d7.html]
[etu.univ-lome.tg/information/liste/unites/enseignement401e.html]
[etu.univ-lome.tg/information/liste/unites/enseignementd5ac.html]
[etu.univ-lome.tg/information/liste/unites/enseignement7769.html]
[etu.univ-lome.tg/information/liste/unites/enseignementeaea.html]
[etu.univ-lome.tg/information/liste/unites/enseignement0e5a.html]
[etu.univ-lome.tg/information/liste/unites/enseignement641a.html]
[etu.univ-lome.tg/information/liste/unites/enseignement40f1.html]
[etu.univ-lome.tg/information/liste/unites/enseignement3ab7.html]
[etu.univ-lome.tg/information/liste/unites/enseignementc867.html]
[etu.univ-lome.tg/information/liste/unites/enseignementd293.html]
[etu.univ-lome.tg/information/liste/unites/enseignementb52f.html]
[etu.univ-lome.tg/information/liste/unites/enseignement1b45.html]
[etu.univ-lome.tg/information/liste/unites/enseignement5f55.html]
[etu.univ-lome.tg/information/liste/unites/enseignement749c.html]
[etu.univ-lome.tg/information/liste/unites/enseignement0967.html]
[etu.univ-lome.tg/information/liste/unites/enseignementc631.html]
[etu.univ-lome.tg/information/liste/unites/enseignement8157.html]
[etu.univ-lome.tg/information/liste/unites/enseignement8a98.html]
[etu.univ-lome.tg/information/liste/unites/enseignement9c1d.html]
[etu.univ-lome.tg/information/liste/unites/enseignementcc09.html]
[etu.univ-lome.tg/information/liste/unites/enseignement9e54.html]
[etu.univ-lome.tg/information/liste/unites/enseignementa557.html]
[etu.univ-lome.tg/information/liste/unites/enseignement9ee1.html]
[etu.univ-lome.tg/information/liste/unites/enseignemente34e.html]
[etu.univ-lome.tg/information/liste/unites/enseignementb538.html]
[etu.univ-lome.tg/information/liste/unites/enseignementadfb.html]
[etu.univ-lome.tg/information/liste/unites/enseignement9b29.html]
[etu.univ-lome.tg/information/liste/unites/enseignement00af.html]
[etu.univ-lome.tg/information/liste/unites/enseignement417c.html]
[etu.univ-lome.tg/information/liste/unites/enseignement1159.html]
[etu.univ-lome.tg/information/liste/unites/enseignement7fe0.html]
[etu.univ-lome.tg/information/liste/unites/enseignementa0fb.html]
[etu.univ-lome.tg/information/liste/unites/enseignementb88f.html]
[etu.univ-lome.tg/information/liste/unites/enseignement514d.html]
[etu.univ-lome.tg/information/liste/unites/enseignement13c4.html]
[etu.univ-lome.tg/information/liste/unites/enseignement5b0b.html]
[etu.univ-lome.tg/information/liste/unites/enseignementd4a2.html]
[etu.univ-lome.tg/information/liste/unites/enseignement2b01.html]
[etu.univ-lome.tg/information/liste/unites/enseignementaabd.html]
[etu.univ-lome.tg/information/liste/unites/enseignemente63b.html]
[etu.univ-lome.tg/information/liste/unites/enseignement7009.html]
[etu.univ-lome.tg/information/liste/unites/enseignement5a8d.html]
[etu.univ-lome.tg/information/liste/unites/enseignementd321.html]
[etu.univ-lome.tg/information/liste/unites/enseignement37c0.html]
[etu.univ-lome.tg/information/liste/unites/enseignement727f.html]
[etu.univ-lome.tg/information/liste/unites/enseignement2fe2.html]
[etu.univ-lome.tg/information/liste/unites/enseignementc059.html]
[etu.univ-lome.tg/information/liste/unites/enseignement0c77.html]
[etu.univ-lome.tg/information/liste/unites/enseignement13d7.html]
[etu.univ-lome.tg/information/liste/unites/enseignement36dd.html]
[etu.univ-lome.tg/information/liste/unites/enseignementbab8.html]
[etu.univ-lome.tg/information/liste/unites/enseignement8fc4.html]
[etu.univ-lome.tg/information/liste/unites/enseignement6c15.html]
[etu.univ-lome.tg/information/liste/unites/enseignement003c.html]
[etu.univ-lome.tg/information/liste/unites/enseignementae95.html]
[etu.univ-lome.tg/information/liste/unites/enseignement35dc.html]
[etu.univ-lome.tg/information/liste/unites/enseignementae0a.html]
[etu.univ-lome.tg/information/liste/unites/enseignementba6b.html]
[etu.univ-lome.tg/information/liste/unites/enseignementcb0a.html]
[etu.univ-lome.tg/information/liste/unites/enseignement9064.html]
[etu.univ-lome.tg/information/liste/unites/enseignement0aef.html]
[etu.univ-lome.tg/information/liste/unites/enseignementce8f.html]
[etu.univ-lome.tg/information/liste/unites/enseignement4a7e.html]
[etu.univ-lome.tg/information/liste/unites/enseignement46d1.html]
[etu.univ-lome.tg/information/liste/unites/enseignement51ee.html]
[etu.univ-lome.tg/information/liste/unites/enseignement5680.html]
[etu.univ-lome.tg/information/liste/unites/enseignement48e5.html]
[etu.univ-lome.tg/information/liste/unites/enseignementabcc.html]
[etu.univ-lome.tg/information/liste/unites/enseignement9068.html]
[etu.univ-lome.tg/information/liste/unites/enseignement1411.html]
[etu.univ-lome.tg/information/liste/unites/enseignementd3e1.html]
[etu.univ-lome.tg/information/liste/unites/enseignementae07.html]
[etu.univ-lome.tg/information/liste/unites/enseignementa5f5.html]
[etu.univ-lome.tg/information/liste/unites/enseignement6bae.html]
[etu.univ-lome.tg/information/liste/unites/enseignement48cb.html]
[etu.univ-lome.tg/information/liste/unites/enseignemente85a.html]
[etu.univ-lome.tg/information/liste/unites/enseignement24f1.html]
[etu.univ-lome.tg/information/liste/unites/enseignement10de.html]
[etu.univ-lome.tg/information/liste/unites/enseignement37cb.html]
[etu.univ-lome.tg/information/liste/unites/enseignement3e2a.html]
[etu.univ-lome.tg/information/liste/unites/enseignement3514.html]
[etu.univ-lome.tg/information/liste/unites/enseignement178e.html]
[etu.univ-lome.tg/information/liste/unites/enseignement7930.html]
[etu.univ-lome.tg/information/liste/unites/enseignement3cd3.html]
[etu.univ-lome.tg/information/liste/unites/enseignementcbd1.html]
[etu.univ-lome.tg/information/liste/unites/enseignementfd98.html]
[etu.univ-lome.tg/information/liste/unites/enseignement24ed.html]
[etu.univ-lome.tg/information/liste/unites/enseignementc18a.html]
[etu.univ-lome.tg/information/liste/unites/enseignementa17c.html]
[etu.univ-lome.tg/information/liste/unites/enseignement31a7.html]
[etu.univ-lome.tg/information/liste/unites/enseignementf14e.html]
[etu.univ-lome.tg/information/liste/unites/enseignementa386.html]
[etu.univ-lome.tg/information/liste/unites/enseignement9206.html]
[etu.univ-lome.tg/information/liste/unites/enseignementd629.html]
[etu.univ-lome.tg/information/liste/unites/enseignement9a2b.html]
[etu.univ-lome.tg/information/liste/unites/enseignement6ee8.html]
[etu.univ-lome.tg/information/liste/unites/enseignement93b9.html]
[etu.univ-lome.tg/information/liste/unites/enseignement564e.html]
[etu.univ-lome.tg/information/liste/unites/enseignement61a1.html]
[etu.univ-lome.tg/information/liste/unites/enseignement5479.html]
[etu.univ-lome.tg/information/liste/unites/enseignementb809.html]
[etu.univ-lome.tg/information/liste/unites/enseignementa096.html]
[etu.univ-lome.tg/information/liste/unites/enseignementd2f3.html]
[etu.univ-lome.tg/information/liste/unites/enseignementd593.html]
[etu.univ-lome.tg/information/liste/unites/enseignement1329.html]
[etu.univ-lome.tg/information/liste/unites/enseignement74b2.html]
[etu.univ-lome.tg/information/liste/unites/enseignement8517.html]
[etu.univ-lome.tg/information/liste/unites/enseignement1fda.html]
[etu.univ-lome.tg/information/liste/unites/enseignementddcf.html]
[etu.univ-lome.tg/information/liste/unites/enseignement0b76.html]
[etu.univ-lome.tg/information/liste/unites/enseignement53cc.html]
[etu.univ-lome.tg/information/liste/unites/enseignement841f.html]
[etu.univ-lome.tg/information/liste/unites/enseignement5646.html]
[etu.univ-lome.tg/information/liste/unites/enseignement3015.html]
[etu.univ-lome.tg/information/liste/unites/enseignementb5ec.html]
[etu.univ-lome.tg/information/liste/unites/enseignementc771.html]
[etu.univ-lome.tg/information/liste/unites/enseignement033a.html]
[etu.univ-lome.tg/information/liste/unites/enseignement56ed.html]
[etu.univ-lome.tg/information/liste/unites/enseignement021f.html]
[etu.univ-lome.tg/information/liste/unites/enseignement6f4c.html]
[etu.univ-lome.tg/information/liste/unites/enseignementdf77.html]
[etu.univ-lome.tg/information/liste/unites/enseignement3443.html]
[etu.univ-lome.tg/information/liste/unites/enseignement3e2e.html]
[etu.univ-lome.tg/information/liste/unites/enseignement0723.html]
[etu.univ-lome.tg/information/liste/unites/enseignement1529.html]
[etu.univ-lome.tg/information/liste/unites/enseignement70c8.html]
[etu.univ-lome.tg/information/liste/unites/enseignement43f9.html]
[etu.univ-lome.tg/information/liste/unites/enseignement73c4.html]
[etu.univ-lome.tg/information/liste/unites/enseignement0614.html]
[etu.univ-lome.tg/information/liste/unites/enseignement6540.html]
[etu.univ-lome.tg/information/liste/unites/enseignementeb10.html]
[etu.univ-lome.tg/information/liste/unites/enseignementefc4.html]
[etu.univ-lome.tg/information/liste/unites/enseignement3ec5.html]
[etu.univ-lome.tg/information/liste/unites/enseignementa8cf.html]
[etu.univ-lome.tg/information/liste/unites/enseignementfcd6.html]
[etu.univ-lome.tg/information/liste/unites/enseignementa277.html]
[etu.univ-lome.tg/information/liste/unites/enseignement0339.html]
[etu.univ-lome.tg/information/liste/unites/enseignementa8c0.html]
[etu.univ-lome.tg/information/liste/unites/enseignement7b85.html]
[etu.univ-lome.tg/information/liste/unites/enseignementae25.html]
[etu.univ-lome.tg/information/liste/unites/enseignement1b7e.html]
[etu.univ-lome.tg/information/liste/unites/enseignementad65.html]
[etu.univ-lome.tg/information/liste/unites/enseignement1662.html]
[etu.univ-lome.tg/information/liste/unites/enseignement1ec1.html]
[etu.univ-lome.tg/information/liste/unites/enseignementf3f7.html]
[etu.univ-lome.tg/information/liste/unites/enseignemente150.html]
[etu.univ-lome.tg/information/liste/unites/enseignement8056.html]
[etu.univ-lome.tg/information/liste/unites/enseignementb9a1.html]
[etu.univ-lome.tg/information/liste/unites/enseignementbdca.html]
[etu.univ-lome.tg/information/liste/unites/enseignement887a.html]
[etu.univ-lome.tg/information/liste/unites/enseignement7ce5.html]
[etu.univ-lome.tg/information/liste/unites/enseignemente6ce.html]
[etu.univ-lome.tg/information/liste/unites/enseignementaa3d.html]
[etu.univ-lome.tg/information/liste/unites/enseignementbeb6.html]
[etu.univ-lome.tg/information/liste/unites/enseignement5598.html]
[etu.univ-lome.tg/information/liste/unites/enseignement0917.html]
[etu.univ-lome.tg/information/liste/unites/enseignement666b.html]
[etu.univ-lome.tg/information/liste/unites/enseignement14ad.html]
[etu.univ-lome.tg/information/liste/unites/enseignement7686.html]
[etu.univ-lome.tg/information/liste/unites/enseignementa724.html]
[etu.univ-lome.tg/information/liste/unites/enseignement91c4.html]
[etu.univ-lome.tg/information/liste/unites/enseignementd80a.html]
[etu.univ-lome.tg/information/liste/unites/enseignement0da9.html]
[etu.univ-lome.tg/information/liste/unites/enseignement8d5a.html]
[etu.univ-lome.tg/information/liste/unites/enseignement1f41.html]
[etu.univ-lome.tg/information/liste/unites/enseignement888d.html]
[etu.univ-lome.tg/information/liste/unites/enseignement87c1.html]
[etu.univ-lome.tg/information/liste/unites/enseignementfe32.html]
[etu.univ-lome.tg/information/liste/unites/enseignementc93a.html]
[etu.univ-lome.tg/information/liste/unites/enseignement673b.html]
[etu.univ-lome.tg/information/liste/unites/enseignementdacc.html]
[etu.univ-lome.tg/information/liste/unites/enseignement79d1.html]
[etu.univ-lome.tg/information/liste/unites/enseignement9040.html]
[etu.univ-lome.tg/information/liste/unites/enseignementf200.html]
[etu.univ-lome.tg/information/liste/unites/enseignement482c.html]
[etu.univ-lome.tg/information/liste/unites/enseignement0338.html]
[etu.univ-lome.tg/information/liste/unites/enseignement03dc.html]
[etu.univ-lome.tg/information/liste/unites/enseignementeb34.html]
[etu.univ-lome.tg/information/liste/unites/enseignement1bf6.html]
[etu.univ-lome.tg/information/liste/unites/enseignementcffd.html]
[etu.univ-lome.tg/information/liste/unites/enseignement5e42.html]
[etu.univ-lome.tg/information/liste/unites/enseignement0586.html]
[etu.univ-lome.tg/information/liste/unites/enseignement20b8.html]
[etu.univ-lome.tg/information/liste/unites/enseignement6c8e.html]
[etu.univ-lome.tg/information/liste/unites/enseignemente059.html]
[etu.univ-lome.tg/information/liste/unites/enseignementbe64.html]
[etu.univ-lome.tg/information/liste/unites/enseignement01b7.html]
[etu.univ-lome.tg/information/liste/unites/enseignementb576.html]
[etu.univ-lome.tg/information/liste/unites/enseignement2531.html]
[etu.univ-lome.tg/information/liste/unites/enseignement68a8.html]
[etu.univ-lome.tg/information/liste/unites/enseignement658b.html]
[etu.univ-lome.tg/information/liste/unites/enseignement6a98.html]
[etu.univ-lome.tg/information/liste/unites/enseignement2acb.html]
[etu.univ-lome.tg/information/liste/unites/enseignementf458.html]
[etu.univ-lome.tg/information/liste/unites/enseignementfabd.html]
[etu.univ-lome.tg/information/liste/unites/enseignement9fcf.html]
[etu.univ-lome.tg/information/liste/unites/enseignement94d2.html]
[etu.univ-lome.tg/information/liste/unites/enseignement549f.html]
[etu.univ-lome.tg/information/liste/unites/enseignement5662.html]
[etu.univ-lome.tg/information/liste/unites/enseignementa89f.html]
[etu.univ-lome.tg/information/liste/unites/enseignementbbdc.html]
[etu.univ-lome.tg/information/liste/unites/enseignement75af.html]
[etu.univ-lome.tg/information/liste/unites/enseignement9208.html]
[etu.univ-lome.tg/information/liste/unites/enseignement0a22.html]
[etu.univ-lome.tg/information/liste/unites/enseignementc05b.html]
[etu.univ-lome.tg/information/liste/unites/enseignementa966.html]
[etu.univ-lome.tg/information/liste/unites/enseignement831c.html]
[etu.univ-lome.tg/information/liste/unites/enseignementd9c8.html]
[etu.univ-lome.tg/information/liste/unites/enseignement7c32.html]
[etu.univ-lome.tg/information/liste/unites/enseignement74c3.html]
[etu.univ-lome.tg/information/liste/unites/enseignement6d83.html]
[etu.univ-lome.tg/information/liste/unites/enseignement3672.html]
[etu.univ-lome.tg/information/liste/unites/enseignement400f.html]
[etu.univ-lome.tg/information/liste/unites/enseignementd4b9.html]
[etu.univ-lome.tg/information/liste/unites/enseignement3522.html]
[etu.univ-lome.tg/themes/inspinia/css/plugins/datapicker/datepicker3.css]
[etu.univ-lome.tg/connexion/login.html]
[etu.univ-lome.tg/themes/inspinia/css/plugins/iCheck/green.png]
[etu.univ-lome.tg/themes/inspinia/css/plugins/iCheck/green@2x.png]
[etu.univ-lome.tg/themes/inspinia/css/plugins/iCheck/custom.css]
[etu.univ-lome.tg/themes/inspinia/css/plugins/footable/fonts/footable.eot]
[etu.univ-lome.tg/themes/inspinia/css/plugins/footable/fonts/footabled41d.eot]
[etu.univ-lome.tg/themes/inspinia/css/plugins/footable/fonts/footable.woff]
[etu.univ-lome.tg/themes/inspinia/css/plugins/footable/fonts/footable.ttf]
[etu.univ-lome.tg/themes/inspinia/css/plugins/footable/footable.core.css]
[etu.univ-lome.tg/information/liste/unites/enseignementc4ae.html]
[etu.univ-lome.tg/information/liste/unites/enseignement64bd.html]
[etu.univ-lome.tg/information/liste/unites/enseignement11b4.html]
[etu.univ-lome.tg/information/liste/unites/enseignement354b.html]
[etu.univ-lome.tg/information/liste/unites/enseignement93c3.html]
[etu.univ-lome.tg/information/liste/unites/enseignement3470.html]
[etu.univ-lome.tg/themes/inspinia/css/plugins/footable/fonts/footable.svg]
[etu.univ-lome.tg/information/liste/unites/enseignement679e.html]
[etu.univ-lome.tg/information/liste/unites/enseignement3829.html]
[etu.univ-lome.tg/information/liste/unites/enseignementcf15.html]
[etu.univ-lome.tg/information/liste/unites/enseignementb3b8.html]
[etu.univ-lome.tg/information/liste/unites/enseignementcfa0.html]
[etu.univ-lome.tg/information/liste/unites/enseignement680a.html]
[etu.univ-lome.tg/information/liste/unites/enseignement0718.html]
[etu.univ-lome.tg/information/liste/unites/enseignement5466.html]
[etu.univ-lome.tg/information/liste/unites/enseignement7988.html]
[etu.univ-lome.tg/information/liste/unites/enseignementc178.html]
[etu.univ-lome.tg/information/liste/unites/enseignement0e16.html]
[etu.univ-lome.tg/information/liste/unites/enseignement6856.html]
[etu.univ-lome.tg/information/liste/unites/enseignement964f.html]
[etu.univ-lome.tg/information/liste/unites/enseignement6cef.html]
[etu.univ-lome.tg/information/liste/unites/enseignement7a60.html]
[etu.univ-lome.tg/information/liste/unites/enseignement801f.html]
[etu.univ-lome.tg/information/liste/unites/enseignement4372.html]
[etu.univ-lome.tg/information/liste/unites/enseignementd9bc.html]
[etu.univ-lome.tg/information/liste/unites/enseignementb4a0.html]
