[backblue.gif]
[fade.gif]
[index.html]
[www.projetgalilee.tg/logo.ico]
[www.projetgalilee.tg/images/logo_rt_mesr_galilee.png]
[www.projetgalilee.tg/upload/chargement/article/illust/267404787598b2945175b32.56893091.jpg]
[www.projetgalilee.tg/upload/chargement/article/illust/958762494598b55ce6b3346.31837236.jpg]
[www.projetgalilee.tg/upload/chargement/article/illust/1352762540598b562d6a3cb9.52395289.jpg]
[www.projetgalilee.tg/upload/chargement/article/illust/ttBolore.png]
[www.projetgalilee.tg/Fiche_Engagement_Projet_Galilee.pdf]
[www.projetgalilee.tg/upload/chargement/article/illust/1536639557598b2adc850b14.48366289.jpg]
[www.projetgalilee.tg/upload/chargement/article/illust/1378227362598b2b1d4e9f24.02122423.jpg]
[www.projetgalilee.tg/upload/chargement/article/illust/949259263598b2bdf074ef9.19472847.jpg]
[www.projetgalilee.tg/upload/chargement/article/illust/7558506605e43e1302dfa34.91751297.jpg]
[www.projetgalilee.tg/upload/chargement/article/illust/694735077598b2c7d124ca9.09647585.jpg]
[www.projetgalilee.tg/upload/chargement/article/illust/17370273475ab4dea85a8a93.24204722.jpg]
[www.projetgalilee.tg/upload/chargement/article/illust/moderm_togocel.jpg]
[www.projetgalilee.tg/upload/chargement/article/illust/8076350305ab4df5be608d9.73196575.jpg]
[www.projetgalilee.tg/upload/DECOUVRONS_APPLICATION_ECOBANK_MOBILE.pdf]
[www.projetgalilee.tg/upload/chargement/article/illust/10996008045b9bd57e9c00e3.20908932.jpg]
[www.projetgalilee.tg/upload/chargement/article/illust/14932780275b9bd5db431868.18163515.jpg]
[www.projetgalilee.tg/upload/chargement/article/illust/3118818355b9bd63082abd4.14263200.png]
[www.projetgalilee.tg/upload/chargement/article/illust/15759296015b9bd67ef2c934.86346943.jpg]
[www.projetgalilee.tg/upload/chargement/article/illust/21345691365b9bd7dee84e88.45250432.jpg]
[www.projetgalilee.tg/upload/chargement/article/illust/6534942075b9bd8275cb1f5.25086886.jpg]
[www.projetgalilee.tg/upload/chargement/article/illust/orabank_logo_1.jpg]
[www.projetgalilee.tg/upload/chargement/article/illust/6490909935993419d9b4b44.12747403.jpg]
[www.projetgalilee.tg/upload/chargement/article/illust/112672139359934254668110.38390097.jpg]
[www.projetgalilee.tg/upload/chargement/article/illust/laposte2.jpg]
[www.projetgalilee.tg/upload/chargement/article/illust/unionEuropeen.jpg]
[www.projetgalilee.tg/images/read-symbol-of-a-student-reading.png]
[www.projetgalilee.tg/images/enseignant.png]
[www.projetgalilee.tg/images/institution.png]
[www.projetgalilee.tg/js/jquery-2.1.1.js]
[www.projetgalilee.tg/galileesite/js/bootstrap.min.js]
[www.projetgalilee.tg/galileesite/js/wow.min.js]
[www.projetgalilee.tg/galileesite/js/jquery.superslides.min.js]
[www.projetgalilee.tg/galileesite/js/slick.min.js]
[www.projetgalilee.tg/galileesite/js/classie.js]
[www.projetgalilee.tg/galileesite/js/jquery.circliful.min.js]
[www.projetgalilee.tg/galileesite/js/modernizr.custom.js]
[www.projetgalilee.tg/galileesite/js/elastic_grid.min.js]
[www.projetgalilee.tg/galileesite/js/portfolio_slider.js]
[www.projetgalilee.tg/galileesite/js/custom.js]
[www.projetgalilee.tg/index.html]
[www.projetgalilee.tg/galileesite/fonts/glyphicons-halflings-regular.eot]
[www.projetgalilee.tg/galileesite/fonts/glyphicons-halflings-regulard41d.eot]
[www.projetgalilee.tg/galileesite/fonts/glyphicons-halflings-regular.woff]
[www.projetgalilee.tg/galileesite/fonts/glyphicons-halflings-regular.ttf]
[www.projetgalilee.tg/galileesite/css/bootstrap.min.css]
[www.projetgalilee.tg/galileesite/fonts/fontawesome-webfont78ce.eot]
[www.projetgalilee.tg/galileesite/fonts/fontawesome-webfontd41d.eot]
[www.projetgalilee.tg/galileesite/fonts/fontawesome-webfont78ce.woff]
[www.projetgalilee.tg/galileesite/fonts/fontawesome-webfont78ce.ttf]
[www.projetgalilee.tg/galileesite/css/font-awesome.min.css]
[www.projetgalilee.tg/galileesite/css/superslides.css]
[www.projetgalilee.tg/galileesite/img/prev_icon.png]
[www.projetgalilee.tg/galileesite/img/next_icon.png]
[www.projetgalilee.tg/galileesite/css/slick.css]
[www.projetgalilee.tg/galileesite/css/animate.css]
[www.projetgalilee.tg/galileesite/css/elastic_grid.css]
[www.projetgalilee.tg/galileesite/css/themes/default-theme.css]
[www.projetgalilee.tg/galileesite/img/testimonial-arrow.png]
[www.projetgalilee.tg/galileesite/img/contact-feature-bg.jpg]
[www.projetgalilee.tg/galileesite/style.css]
[www.projetgalilee.tg/images/logo2.png]
[www.projetgalilee.tg/app-assets/js/core/libraries/jquery.min.js]
[www.projetgalilee.tg/app-assets/vendors/js/ui/tether.min.js]
[www.projetgalilee.tg/app-assets/js/core/libraries/bootstrap.min.js]
[www.projetgalilee.tg/app-assets/vendors/js/ui/perfect-scrollbar.jquery.min.js]
[www.projetgalilee.tg/app-assets/vendors/js/ui/unison.min.js]
[www.projetgalilee.tg/app-assets/vendors/js/ui/blockUI.min.js]
[www.projetgalilee.tg/app-assets/vendors/js/ui/jquery.matchHeight-min.js]
[www.projetgalilee.tg/app-assets/vendors/js/ui/jquery-sliding-menu.js]
[www.projetgalilee.tg/app-assets/vendors/js/sliders/slick/slick.min.js]
[www.projetgalilee.tg/app-assets/vendors/js/ui/screenfull.min.js]
[www.projetgalilee.tg/app-assets/vendors/js/extensions/pace.min.js]
[www.projetgalilee.tg/app-assets/vendors/js/ui/jquery.sticky.js]
[www.projetgalilee.tg/app-assets/vendors/js/forms/validation/jqBootstrapValidation.js]
[www.projetgalilee.tg/app-assets/vendors/js/forms/icheck/icheck.min.js]
[www.projetgalilee.tg/app-assets/js/core/app-menu.js]
[www.projetgalilee.tg/app-assets/js/core/app.js]
[www.projetgalilee.tg/app-assets/js/scripts/ui/fullscreenSearch.js]
[www.projetgalilee.tg/app-assets/js/scripts/forms/form-login-register.js]
[www.projetgalilee.tg/js/jquery-ui-1.10.4.min.js]
[www.projetgalilee.tg/login.html]
[www.projetgalilee.tg/default.html]
[www.projetgalilee.tg/workspace/compte/etudiant/condition.html]
[www.projetgalilee.tg/workspace/compte/enseignant/condition.html]
[www.projetgalilee.tg/workspace/compte/institut/condition.html]
[www.projetgalilee.tg/galileesite/fonts/glyphicons-halflings-regular.svg]
[www.projetgalilee.tg/galileesite/fonts/fontawesome-webfont78ce.svg]
[www.projetgalilee.tg/galileesite/css/ajax-loader.html]
[www.projetgalilee.tg/galileesite/images/loading.html]
[www.projetgalilee.tg/galileesite/images/nav.html]
[www.projetgalilee.tg/galileesite/img/status.html]
[www.projetgalilee.tg/galileesite/img/skills_bg.html]
[www.projetgalilee.tg/galileesite/img/works_counterbg.html]
[www.projetgalilee.tg/app-assets/css/bootstrap.css]
[www.projetgalilee.tg/app-assets/fonts/icomoon/icomoonc994.eot]
[www.projetgalilee.tg/app-assets/fonts/icomoon/icomoonc994.ttf]
[www.projetgalilee.tg/app-assets/fonts/icomoon/icomoonc994.woff]
[www.projetgalilee.tg/app-assets/fonts/icomoon.css]
[www.projetgalilee.tg/app-assets/fonts/flag-icon-css/css/flag-icon.min.css]
[www.projetgalilee.tg/app-assets/vendors/css/sliders/slick/slick.css]
[www.projetgalilee.tg/app-assets/vendors/css/extensions/pace.css]
[www.projetgalilee.tg/app-assets/vendors/css/ui/prism.min.css]
[www.projetgalilee.tg/app-assets/vendors/css/tables/datatable/dataTables.bootstrap4.min.css]
[www.projetgalilee.tg/app-assets/css/bootstrap-extended.css]
[www.projetgalilee.tg/app-assets/images/backgrounds/bg-2.jpg]
[www.projetgalilee.tg/app-assets/images/icons/img.png]
[www.projetgalilee.tg/app-assets/images/datatables/resources/details_open.png]
[www.projetgalilee.tg/app-assets/images/datatables/resources/details_close.png]
[www.projetgalilee.tg/app-assets/css/app.css]
[www.projetgalilee.tg/app-assets/css/colors.css]
[www.projetgalilee.tg/css/jquery-ui-1.10.4.min.css]
[www.projetgalilee.tg/app-assets/css/core/menu/menu-types/horizontal-menu.css]
[www.projetgalilee.tg/app-assets/css/core/menu/menu-types/vertical-overlay-menu.css]
[www.projetgalilee.tg/app-assets/css/pages/login-register.css]
[www.projetgalilee.tg/assets/fonts/Poppins/Poppins-ExtraLight.ttf]
[www.projetgalilee.tg/assets/fonts/Poppins/Poppins-Light.ttf]
[www.projetgalilee.tg/assets/fonts/Poppins/Poppins-Regular.ttf]
[www.projetgalilee.tg/assets/fonts/Montserrat/Montserrat-Regular.ttf]
[www.projetgalilee.tg/assets/css/style.css]
[www.projetgalilee.tg/assets/css/galilee.css]
[www.projetgalilee.tg/reinitialisation/request.html]
[www.projetgalilee.tg/app-assets/fonts/icomoon/icomoonc994.svg]
[www.projetgalilee.tg/app-assets/fonts/flag-icon-css/flags/4x3/ad.svg]
[www.projetgalilee.tg/app-assets/fonts/flag-icon-css/flags/1x1/ad.svg]
[www.projetgalilee.tg/app-assets/fonts/flag-icon-css/flags/4x3/ae.svg]
[www.projetgalilee.tg/app-assets/fonts/flag-icon-css/flags/1x1/ae.svg]
[www.projetgalilee.tg/app-assets/fonts/flag-icon-css/flags/4x3/af.svg]
[www.projetgalilee.tg/app-assets/fonts/flag-icon-css/flags/1x1/af.svg]
[www.projetgalilee.tg/app-assets/fonts/flag-icon-css/flags/4x3/ag.svg]
[www.projetgalilee.tg/app-assets/fonts/flag-icon-css/flags/1x1/ag.svg]
[www.projetgalilee.tg/app-assets/fonts/flag-icon-css/flags/4x3/ai.svg]
[www.projetgalilee.tg/app-assets/fonts/flag-icon-css/flags/1x1/ai.svg]
[www.projetgalilee.tg/app-assets/fonts/flag-icon-css/flags/4x3/al.svg]
[www.projetgalilee.tg/app-assets/fonts/flag-icon-css/flags/1x1/al.svg]
[www.projetgalilee.tg/app-assets/fonts/flag-icon-css/flags/4x3/am.svg]
[www.projetgalilee.tg/app-assets/fonts/flag-icon-css/flags/1x1/am.svg]
[www.projetgalilee.tg/app-assets/fonts/flag-icon-css/flags/4x3/ao.svg]
[www.projetgalilee.tg/app-assets/fonts/flag-icon-css/flags/1x1/ao.svg]
[www.projetgalilee.tg/app-assets/fonts/flag-icon-css/flags/4x3/aq.svg]
[www.projetgalilee.tg/app-assets/fonts/flag-icon-css/flags/1x1/aq.svg]
[www.projetgalilee.tg/app-assets/fonts/flag-icon-css/flags/4x3/ar.svg]
[www.projetgalilee.tg/app-assets/fonts/flag-icon-css/flags/1x1/ar.svg]
[www.projetgalilee.tg/app-assets/fonts/flag-icon-css/flags/4x3/as.svg]
[www.projetgalilee.tg/app-assets/fonts/flag-icon-css/flags/1x1/as.svg]
[www.projetgalilee.tg/app-assets/fonts/flag-icon-css/flags/4x3/at.svg]
[www.projetgalilee.tg/app-assets/fonts/flag-icon-css/flags/1x1/at.svg]
[www.projetgalilee.tg/app-assets/fonts/flag-icon-css/flags/4x3/au.svg]
[www.projetgalilee.tg/app-assets/fonts/flag-icon-css/flags/1x1/au.svg]
[www.projetgalilee.tg/app-assets/fonts/flag-icon-css/flags/4x3/aw.svg]
[www.projetgalilee.tg/app-assets/fonts/flag-icon-css/flags/1x1/aw.svg]
[www.projetgalilee.tg/app-assets/fonts/flag-icon-css/flags/4x3/ax.svg]
[www.projetgalilee.tg/app-assets/fonts/flag-icon-css/flags/1x1/ax.svg]
[www.projetgalilee.tg/app-assets/fonts/flag-icon-css/flags/4x3/az.svg]
[www.projetgalilee.tg/app-assets/fonts/flag-icon-css/flags/1x1/az.svg]
[www.projetgalilee.tg/app-assets/fonts/flag-icon-css/flags/4x3/ba.svg]
[www.projetgalilee.tg/app-assets/fonts/flag-icon-css/flags/1x1/ba.svg]
[www.projetgalilee.tg/app-assets/fonts/flag-icon-css/flags/4x3/bb.svg]
[www.projetgalilee.tg/app-assets/fonts/flag-icon-css/flags/1x1/bb.svg]
[www.projetgalilee.tg/app-assets/fonts/flag-icon-css/flags/4x3/bd.svg]
[www.projetgalilee.tg/app-assets/fonts/flag-icon-css/flags/1x1/bd.svg]
[www.projetgalilee.tg/app-assets/fonts/flag-icon-css/flags/4x3/be.svg]
[www.projetgalilee.tg/app-assets/fonts/flag-icon-css/flags/1x1/be.svg]
[www.projetgalilee.tg/app-assets/fonts/flag-icon-css/flags/4x3/bf.svg]
[www.projetgalilee.tg/app-assets/fonts/flag-icon-css/flags/1x1/bf.svg]
[www.projetgalilee.tg/app-assets/fonts/flag-icon-css/flags/4x3/bg.svg]
[www.projetgalilee.tg/app-assets/fonts/flag-icon-css/flags/1x1/bg.svg]
[www.projetgalilee.tg/app-assets/fonts/flag-icon-css/flags/4x3/bh.svg]
[www.projetgalilee.tg/app-assets/fonts/flag-icon-css/flags/1x1/bh.svg]
[www.projetgalilee.tg/app-assets/fonts/flag-icon-css/flags/4x3/bi.svg]
[www.projetgalilee.tg/app-assets/fonts/flag-icon-css/flags/1x1/bi.svg]
[www.projetgalilee.tg/app-assets/fonts/flag-icon-css/flags/4x3/bj.svg]
[www.projetgalilee.tg/app-assets/fonts/flag-icon-css/flags/1x1/bj.svg]
[www.projetgalilee.tg/app-assets/fonts/flag-icon-css/flags/4x3/bl.svg]
[www.projetgalilee.tg/app-assets/fonts/flag-icon-css/flags/1x1/bl.svg]
[www.projetgalilee.tg/app-assets/fonts/flag-icon-css/flags/4x3/bm.svg]
[www.projetgalilee.tg/app-assets/fonts/flag-icon-css/flags/1x1/bm.svg]
[www.projetgalilee.tg/app-assets/fonts/flag-icon-css/flags/4x3/bn.svg]
[www.projetgalilee.tg/app-assets/fonts/flag-icon-css/flags/1x1/bn.svg]
[www.projetgalilee.tg/app-assets/fonts/flag-icon-css/flags/4x3/bo.svg]
[www.projetgalilee.tg/app-assets/fonts/flag-icon-css/flags/1x1/bo.svg]
[www.projetgalilee.tg/app-assets/fonts/flag-icon-css/flags/4x3/bq.svg]
[www.projetgalilee.tg/app-assets/fonts/flag-icon-css/flags/1x1/bq.svg]
[www.projetgalilee.tg/app-assets/fonts/flag-icon-css/flags/4x3/br.svg]
[www.projetgalilee.tg/app-assets/fonts/flag-icon-css/flags/1x1/br.svg]
[www.projetgalilee.tg/app-assets/fonts/flag-icon-css/flags/4x3/bs.svg]
[www.projetgalilee.tg/app-assets/fonts/flag-icon-css/flags/1x1/bs.svg]
[www.projetgalilee.tg/app-assets/fonts/flag-icon-css/flags/4x3/bt.svg]
[www.projetgalilee.tg/app-assets/fonts/flag-icon-css/flags/1x1/bt.svg]
[www.projetgalilee.tg/app-assets/fonts/flag-icon-css/flags/4x3/bv.svg]
[www.projetgalilee.tg/app-assets/fonts/flag-icon-css/flags/1x1/bv.svg]
[www.projetgalilee.tg/app-assets/fonts/flag-icon-css/flags/4x3/bw.svg]
[www.projetgalilee.tg/app-assets/fonts/flag-icon-css/flags/1x1/bw.svg]
[www.projetgalilee.tg/app-assets/fonts/flag-icon-css/flags/4x3/by.svg]
[www.projetgalilee.tg/app-assets/fonts/flag-icon-css/flags/1x1/by.svg]
[www.projetgalilee.tg/app-assets/fonts/flag-icon-css/flags/4x3/bz.svg]
[www.projetgalilee.tg/app-assets/fonts/flag-icon-css/flags/1x1/bz.svg]
[www.projetgalilee.tg/app-assets/fonts/flag-icon-css/flags/4x3/ca.svg]
[www.projetgalilee.tg/app-assets/fonts/flag-icon-css/flags/1x1/ca.svg]
[www.projetgalilee.tg/app-assets/fonts/flag-icon-css/flags/4x3/cc.svg]
[www.projetgalilee.tg/app-assets/fonts/flag-icon-css/flags/1x1/cc.svg]
[www.projetgalilee.tg/app-assets/fonts/flag-icon-css/flags/4x3/cd.svg]
[www.projetgalilee.tg/app-assets/fonts/flag-icon-css/flags/1x1/cd.svg]
[www.projetgalilee.tg/app-assets/fonts/flag-icon-css/flags/4x3/cf.svg]
[www.projetgalilee.tg/app-assets/fonts/flag-icon-css/flags/1x1/cf.svg]
[www.projetgalilee.tg/app-assets/fonts/flag-icon-css/flags/4x3/cg.svg]
[www.projetgalilee.tg/app-assets/fonts/flag-icon-css/flags/1x1/cg.svg]
[www.projetgalilee.tg/app-assets/fonts/flag-icon-css/flags/4x3/ch.svg]
[www.projetgalilee.tg/app-assets/fonts/flag-icon-css/flags/1x1/ch.svg]
[www.projetgalilee.tg/app-assets/fonts/flag-icon-css/flags/4x3/ci.svg]
[www.projetgalilee.tg/app-assets/fonts/flag-icon-css/flags/1x1/ci.svg]
[www.projetgalilee.tg/app-assets/fonts/flag-icon-css/flags/4x3/ck.svg]
[www.projetgalilee.tg/app-assets/fonts/flag-icon-css/flags/1x1/ck.svg]
[www.projetgalilee.tg/app-assets/fonts/flag-icon-css/flags/4x3/cl.svg]
[www.projetgalilee.tg/app-assets/fonts/flag-icon-css/flags/1x1/cl.svg]
[www.projetgalilee.tg/app-assets/fonts/flag-icon-css/flags/4x3/cm.svg]
[www.projetgalilee.tg/app-assets/fonts/flag-icon-css/flags/1x1/cm.svg]
[www.projetgalilee.tg/app-assets/fonts/flag-icon-css/flags/4x3/cn.svg]
[www.projetgalilee.tg/app-assets/fonts/flag-icon-css/flags/1x1/cn.svg]
[www.projetgalilee.tg/app-assets/fonts/flag-icon-css/flags/4x3/co.svg]
[www.projetgalilee.tg/app-assets/fonts/flag-icon-css/flags/1x1/co.svg]
[www.projetgalilee.tg/app-assets/fonts/flag-icon-css/flags/4x3/cr.svg]
[www.projetgalilee.tg/app-assets/fonts/flag-icon-css/flags/1x1/cr.svg]
[www.projetgalilee.tg/app-assets/fonts/flag-icon-css/flags/4x3/cu.svg]
[www.projetgalilee.tg/app-assets/fonts/flag-icon-css/flags/1x1/cu.svg]
[www.projetgalilee.tg/app-assets/fonts/flag-icon-css/flags/4x3/cv.svg]
[www.projetgalilee.tg/app-assets/fonts/flag-icon-css/flags/1x1/cv.svg]
[www.projetgalilee.tg/app-assets/fonts/flag-icon-css/flags/4x3/cw.svg]
[www.projetgalilee.tg/app-assets/fonts/flag-icon-css/flags/1x1/cw.svg]
[www.projetgalilee.tg/app-assets/fonts/flag-icon-css/flags/4x3/cx.svg]
[www.projetgalilee.tg/app-assets/fonts/flag-icon-css/flags/1x1/cx.svg]
[www.projetgalilee.tg/app-assets/fonts/flag-icon-css/flags/4x3/cy.svg]
[www.projetgalilee.tg/app-assets/fonts/flag-icon-css/flags/1x1/cy.svg]
[www.projetgalilee.tg/app-assets/fonts/flag-icon-css/flags/4x3/cz.svg]
[www.projetgalilee.tg/app-assets/fonts/flag-icon-css/flags/1x1/cz.svg]
[www.projetgalilee.tg/app-assets/fonts/flag-icon-css/flags/4x3/de.svg]
[www.projetgalilee.tg/app-assets/fonts/flag-icon-css/flags/1x1/de.svg]
[www.projetgalilee.tg/app-assets/fonts/flag-icon-css/flags/4x3/dj.svg]
[www.projetgalilee.tg/app-assets/fonts/flag-icon-css/flags/1x1/dj.svg]
[www.projetgalilee.tg/app-assets/fonts/flag-icon-css/flags/4x3/dk.svg]
[www.projetgalilee.tg/app-assets/fonts/flag-icon-css/flags/1x1/dk.svg]
[www.projetgalilee.tg/app-assets/fonts/flag-icon-css/flags/4x3/dm.svg]
[www.projetgalilee.tg/app-assets/fonts/flag-icon-css/flags/1x1/dm.svg]
[www.projetgalilee.tg/app-assets/fonts/flag-icon-css/flags/4x3/do.svg]
[www.projetgalilee.tg/app-assets/fonts/flag-icon-css/flags/1x1/do.svg]
[www.projetgalilee.tg/app-assets/fonts/flag-icon-css/flags/4x3/dz.svg]
[www.projetgalilee.tg/app-assets/fonts/flag-icon-css/flags/1x1/dz.svg]
[www.projetgalilee.tg/app-assets/fonts/flag-icon-css/flags/4x3/ec.svg]
[www.projetgalilee.tg/app-assets/fonts/flag-icon-css/flags/1x1/ec.svg]
[www.projetgalilee.tg/app-assets/fonts/flag-icon-css/flags/4x3/ee.svg]
[www.projetgalilee.tg/app-assets/fonts/flag-icon-css/flags/1x1/ee.svg]
[www.projetgalilee.tg/app-assets/fonts/flag-icon-css/flags/4x3/eg.svg]
[www.projetgalilee.tg/app-assets/fonts/flag-icon-css/flags/1x1/eg.svg]
[www.projetgalilee.tg/app-assets/fonts/flag-icon-css/flags/4x3/eh.svg]
[www.projetgalilee.tg/app-assets/fonts/flag-icon-css/flags/1x1/eh.svg]
[www.projetgalilee.tg/app-assets/fonts/flag-icon-css/flags/4x3/er.svg]
[www.projetgalilee.tg/app-assets/fonts/flag-icon-css/flags/1x1/er.svg]
[www.projetgalilee.tg/app-assets/fonts/flag-icon-css/flags/4x3/es.svg]
[www.projetgalilee.tg/app-assets/fonts/flag-icon-css/flags/1x1/es.svg]
[www.projetgalilee.tg/app-assets/fonts/flag-icon-css/flags/4x3/et.svg]
[www.projetgalilee.tg/app-assets/fonts/flag-icon-css/flags/1x1/et.svg]
[www.projetgalilee.tg/app-assets/fonts/flag-icon-css/flags/4x3/fi.svg]
[www.projetgalilee.tg/app-assets/fonts/flag-icon-css/flags/1x1/fi.svg]
[www.projetgalilee.tg/app-assets/fonts/flag-icon-css/flags/4x3/fj.svg]
[www.projetgalilee.tg/app-assets/fonts/flag-icon-css/flags/1x1/fj.svg]
[www.projetgalilee.tg/app-assets/fonts/flag-icon-css/flags/4x3/fk.svg]
[www.projetgalilee.tg/app-assets/fonts/flag-icon-css/flags/1x1/fk.svg]
[www.projetgalilee.tg/app-assets/fonts/flag-icon-css/flags/4x3/fm.svg]
[www.projetgalilee.tg/app-assets/fonts/flag-icon-css/flags/1x1/fm.svg]
[www.projetgalilee.tg/app-assets/fonts/flag-icon-css/flags/4x3/fo.svg]
[www.projetgalilee.tg/app-assets/fonts/flag-icon-css/flags/1x1/fo.svg]
[www.projetgalilee.tg/app-assets/fonts/flag-icon-css/flags/4x3/fr.svg]
[www.projetgalilee.tg/app-assets/fonts/flag-icon-css/flags/1x1/fr.svg]
[www.projetgalilee.tg/app-assets/fonts/flag-icon-css/flags/4x3/ga.svg]
[www.projetgalilee.tg/app-assets/fonts/flag-icon-css/flags/1x1/ga.svg]
[www.projetgalilee.tg/app-assets/fonts/flag-icon-css/flags/4x3/gb.svg]
[www.projetgalilee.tg/app-assets/fonts/flag-icon-css/flags/1x1/gb.svg]
[www.projetgalilee.tg/app-assets/fonts/flag-icon-css/flags/4x3/gd.svg]
[www.projetgalilee.tg/app-assets/fonts/flag-icon-css/flags/1x1/gd.svg]
[www.projetgalilee.tg/app-assets/fonts/flag-icon-css/flags/4x3/ge.svg]
[www.projetgalilee.tg/app-assets/fonts/flag-icon-css/flags/1x1/ge.svg]
[www.projetgalilee.tg/app-assets/fonts/flag-icon-css/flags/4x3/gf.svg]
[www.projetgalilee.tg/app-assets/fonts/flag-icon-css/flags/1x1/gf.svg]
[www.projetgalilee.tg/app-assets/fonts/flag-icon-css/flags/4x3/gg.svg]
[www.projetgalilee.tg/app-assets/fonts/flag-icon-css/flags/1x1/gg.svg]
[www.projetgalilee.tg/app-assets/fonts/flag-icon-css/flags/4x3/gh.svg]
[www.projetgalilee.tg/app-assets/fonts/flag-icon-css/flags/1x1/gh.svg]
[www.projetgalilee.tg/app-assets/fonts/flag-icon-css/flags/4x3/gi.svg]
[www.projetgalilee.tg/app-assets/fonts/flag-icon-css/flags/1x1/gi.svg]
[www.projetgalilee.tg/app-assets/fonts/flag-icon-css/flags/4x3/gl.svg]
[www.projetgalilee.tg/app-assets/fonts/flag-icon-css/flags/1x1/gl.svg]
[www.projetgalilee.tg/app-assets/fonts/flag-icon-css/flags/4x3/gm.svg]
[www.projetgalilee.tg/app-assets/fonts/flag-icon-css/flags/1x1/gm.svg]
[www.projetgalilee.tg/app-assets/fonts/flag-icon-css/flags/4x3/gn.svg]
[www.projetgalilee.tg/app-assets/fonts/flag-icon-css/flags/1x1/gn.svg]
[www.projetgalilee.tg/app-assets/fonts/flag-icon-css/flags/4x3/gp.svg]
[www.projetgalilee.tg/app-assets/fonts/flag-icon-css/flags/1x1/gp.svg]
[www.projetgalilee.tg/app-assets/fonts/flag-icon-css/flags/4x3/gq.svg]
[www.projetgalilee.tg/app-assets/fonts/flag-icon-css/flags/1x1/gq.svg]
[www.projetgalilee.tg/app-assets/fonts/flag-icon-css/flags/4x3/gr.svg]
[www.projetgalilee.tg/app-assets/fonts/flag-icon-css/flags/1x1/gr.svg]
[www.projetgalilee.tg/app-assets/fonts/flag-icon-css/flags/4x3/gs.svg]
[www.projetgalilee.tg/app-assets/fonts/flag-icon-css/flags/1x1/gs.svg]
[www.projetgalilee.tg/app-assets/fonts/flag-icon-css/flags/4x3/gt.svg]
[www.projetgalilee.tg/app-assets/fonts/flag-icon-css/flags/1x1/gt.svg]
[www.projetgalilee.tg/app-assets/fonts/flag-icon-css/flags/4x3/gu.svg]
[www.projetgalilee.tg/app-assets/fonts/flag-icon-css/flags/1x1/gu.svg]
[www.projetgalilee.tg/app-assets/fonts/flag-icon-css/flags/4x3/gw.svg]
[www.projetgalilee.tg/app-assets/fonts/flag-icon-css/flags/1x1/gw.svg]
[www.projetgalilee.tg/app-assets/fonts/flag-icon-css/flags/4x3/gy.svg]
[www.projetgalilee.tg/app-assets/fonts/flag-icon-css/flags/1x1/gy.svg]
[www.projetgalilee.tg/app-assets/fonts/flag-icon-css/flags/4x3/hk.svg]
[www.projetgalilee.tg/app-assets/fonts/flag-icon-css/flags/1x1/hk.svg]
[www.projetgalilee.tg/app-assets/fonts/flag-icon-css/flags/4x3/hm.svg]
[www.projetgalilee.tg/app-assets/fonts/flag-icon-css/flags/1x1/hm.svg]
[www.projetgalilee.tg/app-assets/fonts/flag-icon-css/flags/4x3/hn.svg]
[www.projetgalilee.tg/app-assets/fonts/flag-icon-css/flags/1x1/hn.svg]
[www.projetgalilee.tg/app-assets/fonts/flag-icon-css/flags/4x3/hr.svg]
[www.projetgalilee.tg/app-assets/fonts/flag-icon-css/flags/1x1/hr.svg]
[www.projetgalilee.tg/app-assets/fonts/flag-icon-css/flags/4x3/ht.svg]
[www.projetgalilee.tg/app-assets/fonts/flag-icon-css/flags/1x1/ht.svg]
[www.projetgalilee.tg/app-assets/fonts/flag-icon-css/flags/4x3/hu.svg]
[www.projetgalilee.tg/app-assets/fonts/flag-icon-css/flags/1x1/hu.svg]
[www.projetgalilee.tg/app-assets/fonts/flag-icon-css/flags/4x3/id.svg]
[www.projetgalilee.tg/app-assets/fonts/flag-icon-css/flags/1x1/id.svg]
[www.projetgalilee.tg/app-assets/fonts/flag-icon-css/flags/4x3/ie.svg]
[www.projetgalilee.tg/app-assets/fonts/flag-icon-css/flags/1x1/ie.svg]
[www.projetgalilee.tg/app-assets/fonts/flag-icon-css/flags/4x3/il.svg]
[www.projetgalilee.tg/app-assets/fonts/flag-icon-css/flags/1x1/il.svg]
[www.projetgalilee.tg/app-assets/fonts/flag-icon-css/flags/4x3/im.svg]
[www.projetgalilee.tg/app-assets/fonts/flag-icon-css/flags/1x1/im.svg]
[www.projetgalilee.tg/app-assets/fonts/flag-icon-css/flags/4x3/in.svg]
[www.projetgalilee.tg/app-assets/fonts/flag-icon-css/flags/1x1/in.svg]
[www.projetgalilee.tg/app-assets/fonts/flag-icon-css/flags/4x3/io.svg]
[www.projetgalilee.tg/app-assets/fonts/flag-icon-css/flags/1x1/io.svg]
[www.projetgalilee.tg/app-assets/fonts/flag-icon-css/flags/4x3/iq.svg]
[www.projetgalilee.tg/app-assets/fonts/flag-icon-css/flags/1x1/iq.svg]
[www.projetgalilee.tg/app-assets/fonts/flag-icon-css/flags/4x3/ir.svg]
[www.projetgalilee.tg/app-assets/fonts/flag-icon-css/flags/1x1/ir.svg]
[www.projetgalilee.tg/app-assets/fonts/flag-icon-css/flags/4x3/is.svg]
[www.projetgalilee.tg/app-assets/fonts/flag-icon-css/flags/1x1/is.svg]
[www.projetgalilee.tg/app-assets/fonts/flag-icon-css/flags/4x3/it.svg]
[www.projetgalilee.tg/app-assets/fonts/flag-icon-css/flags/1x1/it.svg]
[www.projetgalilee.tg/app-assets/fonts/flag-icon-css/flags/4x3/je.svg]
[www.projetgalilee.tg/app-assets/fonts/flag-icon-css/flags/1x1/je.svg]
[www.projetgalilee.tg/app-assets/fonts/flag-icon-css/flags/4x3/jm.svg]
[www.projetgalilee.tg/app-assets/fonts/flag-icon-css/flags/1x1/jm.svg]
[www.projetgalilee.tg/app-assets/fonts/flag-icon-css/flags/4x3/jo.svg]
[www.projetgalilee.tg/app-assets/fonts/flag-icon-css/flags/1x1/jo.svg]
[www.projetgalilee.tg/app-assets/fonts/flag-icon-css/flags/4x3/jp.svg]
[www.projetgalilee.tg/app-assets/fonts/flag-icon-css/flags/1x1/jp.svg]
[www.projetgalilee.tg/app-assets/fonts/flag-icon-css/flags/4x3/ke.svg]
[www.projetgalilee.tg/app-assets/fonts/flag-icon-css/flags/1x1/ke.svg]
[www.projetgalilee.tg/app-assets/fonts/flag-icon-css/flags/4x3/kg.svg]
[www.projetgalilee.tg/app-assets/fonts/flag-icon-css/flags/1x1/kg.svg]
[www.projetgalilee.tg/app-assets/fonts/flag-icon-css/flags/4x3/kh.svg]
[www.projetgalilee.tg/app-assets/fonts/flag-icon-css/flags/1x1/kh.svg]
[www.projetgalilee.tg/app-assets/fonts/flag-icon-css/flags/4x3/ki.svg]
[www.projetgalilee.tg/app-assets/fonts/flag-icon-css/flags/1x1/ki.svg]
[www.projetgalilee.tg/app-assets/fonts/flag-icon-css/flags/4x3/km.svg]
[www.projetgalilee.tg/app-assets/fonts/flag-icon-css/flags/1x1/km.svg]
[www.projetgalilee.tg/app-assets/fonts/flag-icon-css/flags/4x3/kn.svg]
[www.projetgalilee.tg/app-assets/fonts/flag-icon-css/flags/1x1/kn.svg]
[www.projetgalilee.tg/app-assets/fonts/flag-icon-css/flags/4x3/kp.svg]
[www.projetgalilee.tg/app-assets/fonts/flag-icon-css/flags/1x1/kp.svg]
[www.projetgalilee.tg/app-assets/fonts/flag-icon-css/flags/4x3/kr.svg]
[www.projetgalilee.tg/app-assets/fonts/flag-icon-css/flags/1x1/kr.svg]
[www.projetgalilee.tg/app-assets/fonts/flag-icon-css/flags/4x3/kw.svg]
[www.projetgalilee.tg/app-assets/fonts/flag-icon-css/flags/1x1/kw.svg]
[www.projetgalilee.tg/app-assets/fonts/flag-icon-css/flags/4x3/ky.svg]
[www.projetgalilee.tg/app-assets/fonts/flag-icon-css/flags/1x1/ky.svg]
[www.projetgalilee.tg/app-assets/fonts/flag-icon-css/flags/4x3/kz.svg]
[www.projetgalilee.tg/app-assets/fonts/flag-icon-css/flags/1x1/kz.svg]
[www.projetgalilee.tg/app-assets/fonts/flag-icon-css/flags/4x3/la.svg]
[www.projetgalilee.tg/app-assets/fonts/flag-icon-css/flags/1x1/la.svg]
[www.projetgalilee.tg/app-assets/fonts/flag-icon-css/flags/4x3/lb.svg]
[www.projetgalilee.tg/app-assets/fonts/flag-icon-css/flags/1x1/lb.svg]
[www.projetgalilee.tg/app-assets/fonts/flag-icon-css/flags/4x3/lc.svg]
[www.projetgalilee.tg/app-assets/fonts/flag-icon-css/flags/1x1/lc.svg]
[www.projetgalilee.tg/app-assets/fonts/flag-icon-css/flags/4x3/li.svg]
[www.projetgalilee.tg/app-assets/fonts/flag-icon-css/flags/1x1/li.svg]
[www.projetgalilee.tg/app-assets/fonts/flag-icon-css/flags/4x3/lk.svg]
[www.projetgalilee.tg/app-assets/fonts/flag-icon-css/flags/1x1/lk.svg]
[www.projetgalilee.tg/app-assets/fonts/flag-icon-css/flags/4x3/lr.svg]
[www.projetgalilee.tg/app-assets/fonts/flag-icon-css/flags/1x1/lr.svg]
[www.projetgalilee.tg/app-assets/fonts/flag-icon-css/flags/4x3/ls.svg]
[www.projetgalilee.tg/app-assets/fonts/flag-icon-css/flags/1x1/ls.svg]
[www.projetgalilee.tg/app-assets/fonts/flag-icon-css/flags/4x3/lt.svg]
[www.projetgalilee.tg/app-assets/fonts/flag-icon-css/flags/1x1/lt.svg]
[www.projetgalilee.tg/app-assets/fonts/flag-icon-css/flags/4x3/lu.svg]
[www.projetgalilee.tg/app-assets/fonts/flag-icon-css/flags/1x1/lu.svg]
[www.projetgalilee.tg/app-assets/fonts/flag-icon-css/flags/4x3/lv.svg]
[www.projetgalilee.tg/app-assets/fonts/flag-icon-css/flags/1x1/lv.svg]
[www.projetgalilee.tg/app-assets/fonts/flag-icon-css/flags/4x3/ly.svg]
[www.projetgalilee.tg/app-assets/fonts/flag-icon-css/flags/1x1/ly.svg]
[www.projetgalilee.tg/app-assets/fonts/flag-icon-css/flags/4x3/ma.svg]
[www.projetgalilee.tg/app-assets/fonts/flag-icon-css/flags/1x1/ma.svg]
[www.projetgalilee.tg/app-assets/fonts/flag-icon-css/flags/4x3/mc.svg]
[www.projetgalilee.tg/app-assets/fonts/flag-icon-css/flags/1x1/mc.svg]
[www.projetgalilee.tg/app-assets/fonts/flag-icon-css/flags/4x3/md.svg]
[www.projetgalilee.tg/app-assets/fonts/flag-icon-css/flags/1x1/md.svg]
[www.projetgalilee.tg/app-assets/fonts/flag-icon-css/flags/4x3/me.svg]
[www.projetgalilee.tg/app-assets/fonts/flag-icon-css/flags/1x1/me.svg]
[www.projetgalilee.tg/app-assets/fonts/flag-icon-css/flags/4x3/mf.svg]
[www.projetgalilee.tg/app-assets/fonts/flag-icon-css/flags/1x1/mf.svg]
[www.projetgalilee.tg/app-assets/fonts/flag-icon-css/flags/4x3/mg.svg]
[www.projetgalilee.tg/app-assets/fonts/flag-icon-css/flags/1x1/mg.svg]
[www.projetgalilee.tg/app-assets/fonts/flag-icon-css/flags/4x3/mh.svg]
[www.projetgalilee.tg/app-assets/fonts/flag-icon-css/flags/1x1/mh.svg]
[www.projetgalilee.tg/app-assets/fonts/flag-icon-css/flags/4x3/mk.svg]
[www.projetgalilee.tg/app-assets/fonts/flag-icon-css/flags/1x1/mk.svg]
[www.projetgalilee.tg/app-assets/fonts/flag-icon-css/flags/4x3/ml.svg]
[www.projetgalilee.tg/app-assets/fonts/flag-icon-css/flags/1x1/ml.svg]
[www.projetgalilee.tg/app-assets/fonts/flag-icon-css/flags/4x3/mm.svg]
[www.projetgalilee.tg/app-assets/fonts/flag-icon-css/flags/1x1/mm.svg]
[www.projetgalilee.tg/app-assets/fonts/flag-icon-css/flags/4x3/mn.svg]
[www.projetgalilee.tg/app-assets/fonts/flag-icon-css/flags/1x1/mn.svg]
[www.projetgalilee.tg/app-assets/fonts/flag-icon-css/flags/4x3/mo.svg]
[www.projetgalilee.tg/app-assets/fonts/flag-icon-css/flags/1x1/mo.svg]
[www.projetgalilee.tg/app-assets/fonts/flag-icon-css/flags/4x3/mp.svg]
[www.projetgalilee.tg/app-assets/fonts/flag-icon-css/flags/1x1/mp.svg]
[www.projetgalilee.tg/app-assets/fonts/flag-icon-css/flags/4x3/mq.svg]
[www.projetgalilee.tg/app-assets/fonts/flag-icon-css/flags/1x1/mq.svg]
[www.projetgalilee.tg/app-assets/fonts/flag-icon-css/flags/4x3/mr.svg]
[www.projetgalilee.tg/app-assets/fonts/flag-icon-css/flags/1x1/mr.svg]
[www.projetgalilee.tg/app-assets/fonts/flag-icon-css/flags/4x3/ms.svg]
[www.projetgalilee.tg/app-assets/fonts/flag-icon-css/flags/1x1/ms.svg]
[www.projetgalilee.tg/app-assets/fonts/flag-icon-css/flags/4x3/mt.svg]
[www.projetgalilee.tg/app-assets/fonts/flag-icon-css/flags/1x1/mt.svg]
[www.projetgalilee.tg/app-assets/fonts/flag-icon-css/flags/4x3/mu.svg]
[www.projetgalilee.tg/app-assets/fonts/flag-icon-css/flags/1x1/mu.svg]
[www.projetgalilee.tg/app-assets/fonts/flag-icon-css/flags/4x3/mv.svg]
[www.projetgalilee.tg/app-assets/fonts/flag-icon-css/flags/1x1/mv.svg]
[www.projetgalilee.tg/app-assets/fonts/flag-icon-css/flags/4x3/mw.svg]
[www.projetgalilee.tg/app-assets/fonts/flag-icon-css/flags/1x1/mw.svg]
[www.projetgalilee.tg/app-assets/fonts/flag-icon-css/flags/4x3/mx.svg]
[www.projetgalilee.tg/app-assets/fonts/flag-icon-css/flags/1x1/mx.svg]
[www.projetgalilee.tg/app-assets/fonts/flag-icon-css/flags/4x3/my.svg]
[www.projetgalilee.tg/app-assets/fonts/flag-icon-css/flags/1x1/my.svg]
[www.projetgalilee.tg/app-assets/fonts/flag-icon-css/flags/4x3/mz.svg]
[www.projetgalilee.tg/app-assets/fonts/flag-icon-css/flags/1x1/mz.svg]
[www.projetgalilee.tg/app-assets/fonts/flag-icon-css/flags/4x3/na.svg]
[www.projetgalilee.tg/app-assets/fonts/flag-icon-css/flags/1x1/na.svg]
[www.projetgalilee.tg/app-assets/fonts/flag-icon-css/flags/4x3/nc.svg]
[www.projetgalilee.tg/app-assets/fonts/flag-icon-css/flags/1x1/nc.svg]
[www.projetgalilee.tg/app-assets/fonts/flag-icon-css/flags/4x3/ne.svg]
[www.projetgalilee.tg/app-assets/fonts/flag-icon-css/flags/1x1/ne.svg]
[www.projetgalilee.tg/app-assets/fonts/flag-icon-css/flags/4x3/nf.svg]
[www.projetgalilee.tg/app-assets/fonts/flag-icon-css/flags/1x1/nf.svg]
[www.projetgalilee.tg/app-assets/fonts/flag-icon-css/flags/4x3/ng.svg]
[www.projetgalilee.tg/app-assets/fonts/flag-icon-css/flags/1x1/ng.svg]
[www.projetgalilee.tg/app-assets/fonts/flag-icon-css/flags/4x3/ni.svg]
[www.projetgalilee.tg/app-assets/fonts/flag-icon-css/flags/1x1/ni.svg]
[www.projetgalilee.tg/app-assets/fonts/flag-icon-css/flags/4x3/nl.svg]
[www.projetgalilee.tg/app-assets/fonts/flag-icon-css/flags/1x1/nl.svg]
[www.projetgalilee.tg/app-assets/fonts/flag-icon-css/flags/4x3/no.svg]
[www.projetgalilee.tg/app-assets/fonts/flag-icon-css/flags/1x1/no.svg]
[www.projetgalilee.tg/app-assets/fonts/flag-icon-css/flags/4x3/np.svg]
[www.projetgalilee.tg/app-assets/fonts/flag-icon-css/flags/1x1/np.svg]
[www.projetgalilee.tg/app-assets/fonts/flag-icon-css/flags/4x3/nr.svg]
[www.projetgalilee.tg/app-assets/fonts/flag-icon-css/flags/1x1/nr.svg]
[www.projetgalilee.tg/app-assets/fonts/flag-icon-css/flags/4x3/nu.svg]
[www.projetgalilee.tg/app-assets/fonts/flag-icon-css/flags/1x1/nu.svg]
[www.projetgalilee.tg/app-assets/fonts/flag-icon-css/flags/4x3/nz.svg]
[www.projetgalilee.tg/app-assets/fonts/flag-icon-css/flags/1x1/nz.svg]
[www.projetgalilee.tg/app-assets/fonts/flag-icon-css/flags/4x3/om.svg]
[www.projetgalilee.tg/app-assets/fonts/flag-icon-css/flags/1x1/om.svg]
[www.projetgalilee.tg/app-assets/fonts/flag-icon-css/flags/4x3/pa.svg]
[www.projetgalilee.tg/app-assets/fonts/flag-icon-css/flags/1x1/pa.svg]
[www.projetgalilee.tg/app-assets/fonts/flag-icon-css/flags/4x3/pe.svg]
[www.projetgalilee.tg/app-assets/fonts/flag-icon-css/flags/1x1/pe.svg]
[www.projetgalilee.tg/app-assets/fonts/flag-icon-css/flags/4x3/pf.svg]
[www.projetgalilee.tg/app-assets/fonts/flag-icon-css/flags/1x1/pf.svg]
[www.projetgalilee.tg/app-assets/fonts/flag-icon-css/flags/4x3/pg.svg]
[www.projetgalilee.tg/app-assets/fonts/flag-icon-css/flags/1x1/pg.svg]
[www.projetgalilee.tg/app-assets/fonts/flag-icon-css/flags/4x3/ph.svg]
[www.projetgalilee.tg/app-assets/fonts/flag-icon-css/flags/1x1/ph.svg]
[www.projetgalilee.tg/app-assets/fonts/flag-icon-css/flags/4x3/pk.svg]
[www.projetgalilee.tg/app-assets/fonts/flag-icon-css/flags/1x1/pk.svg]
[www.projetgalilee.tg/app-assets/fonts/flag-icon-css/flags/4x3/pl.svg]
[www.projetgalilee.tg/app-assets/fonts/flag-icon-css/flags/1x1/pl.svg]
[www.projetgalilee.tg/app-assets/fonts/flag-icon-css/flags/4x3/pm.svg]
[www.projetgalilee.tg/app-assets/fonts/flag-icon-css/flags/1x1/pm.svg]
[www.projetgalilee.tg/app-assets/fonts/flag-icon-css/flags/4x3/pn.svg]
[www.projetgalilee.tg/app-assets/fonts/flag-icon-css/flags/1x1/pn.svg]
[www.projetgalilee.tg/app-assets/fonts/flag-icon-css/flags/4x3/pr.svg]
[www.projetgalilee.tg/app-assets/fonts/flag-icon-css/flags/1x1/pr.svg]
[www.projetgalilee.tg/app-assets/fonts/flag-icon-css/flags/4x3/ps.svg]
[www.projetgalilee.tg/app-assets/fonts/flag-icon-css/flags/1x1/ps.svg]
[www.projetgalilee.tg/app-assets/fonts/flag-icon-css/flags/4x3/pt.svg]
[www.projetgalilee.tg/app-assets/fonts/flag-icon-css/flags/1x1/pt.svg]
[www.projetgalilee.tg/app-assets/fonts/flag-icon-css/flags/4x3/pw.svg]
[www.projetgalilee.tg/app-assets/fonts/flag-icon-css/flags/1x1/pw.svg]
[www.projetgalilee.tg/app-assets/fonts/flag-icon-css/flags/4x3/py.svg]
[www.projetgalilee.tg/app-assets/fonts/flag-icon-css/flags/1x1/py.svg]
[www.projetgalilee.tg/app-assets/fonts/flag-icon-css/flags/4x3/qa.svg]
[www.projetgalilee.tg/app-assets/fonts/flag-icon-css/flags/1x1/qa.svg]
[www.projetgalilee.tg/app-assets/fonts/flag-icon-css/flags/4x3/re.svg]
[www.projetgalilee.tg/app-assets/fonts/flag-icon-css/flags/1x1/re.svg]
[www.projetgalilee.tg/app-assets/fonts/flag-icon-css/flags/4x3/ro.svg]
[www.projetgalilee.tg/app-assets/fonts/flag-icon-css/flags/1x1/ro.svg]
[www.projetgalilee.tg/app-assets/fonts/flag-icon-css/flags/4x3/rs.svg]
[www.projetgalilee.tg/app-assets/fonts/flag-icon-css/flags/1x1/rs.svg]
[www.projetgalilee.tg/app-assets/fonts/flag-icon-css/flags/4x3/ru.svg]
[www.projetgalilee.tg/app-assets/fonts/flag-icon-css/flags/1x1/ru.svg]
[www.projetgalilee.tg/app-assets/fonts/flag-icon-css/flags/4x3/rw.svg]
[www.projetgalilee.tg/app-assets/fonts/flag-icon-css/flags/1x1/rw.svg]
[www.projetgalilee.tg/app-assets/fonts/flag-icon-css/flags/4x3/sa.svg]
[www.projetgalilee.tg/app-assets/fonts/flag-icon-css/flags/1x1/sa.svg]
[www.projetgalilee.tg/app-assets/fonts/flag-icon-css/flags/4x3/sb.svg]
[www.projetgalilee.tg/app-assets/fonts/flag-icon-css/flags/1x1/sb.svg]
[www.projetgalilee.tg/app-assets/fonts/flag-icon-css/flags/4x3/sc.svg]
[www.projetgalilee.tg/app-assets/fonts/flag-icon-css/flags/1x1/sc.svg]
[www.projetgalilee.tg/app-assets/fonts/flag-icon-css/flags/4x3/sd.svg]
[www.projetgalilee.tg/app-assets/fonts/flag-icon-css/flags/1x1/sd.svg]
[www.projetgalilee.tg/app-assets/fonts/flag-icon-css/flags/4x3/se.svg]
[www.projetgalilee.tg/app-assets/fonts/flag-icon-css/flags/1x1/se.svg]
[www.projetgalilee.tg/app-assets/fonts/flag-icon-css/flags/4x3/sg.svg]
[www.projetgalilee.tg/app-assets/fonts/flag-icon-css/flags/1x1/sg.svg]
[www.projetgalilee.tg/app-assets/fonts/flag-icon-css/flags/4x3/sh.svg]
[www.projetgalilee.tg/app-assets/fonts/flag-icon-css/flags/1x1/sh.svg]
[www.projetgalilee.tg/app-assets/fonts/flag-icon-css/flags/4x3/si.svg]
[www.projetgalilee.tg/app-assets/fonts/flag-icon-css/flags/1x1/si.svg]
[www.projetgalilee.tg/app-assets/fonts/flag-icon-css/flags/4x3/sj.svg]
[www.projetgalilee.tg/app-assets/fonts/flag-icon-css/flags/1x1/sj.svg]
[www.projetgalilee.tg/app-assets/fonts/flag-icon-css/flags/4x3/sk.svg]
[www.projetgalilee.tg/app-assets/fonts/flag-icon-css/flags/1x1/sk.svg]
[www.projetgalilee.tg/app-assets/fonts/flag-icon-css/flags/4x3/sl.svg]
[www.projetgalilee.tg/app-assets/fonts/flag-icon-css/flags/1x1/sl.svg]
[www.projetgalilee.tg/app-assets/fonts/flag-icon-css/flags/4x3/sm.svg]
[www.projetgalilee.tg/app-assets/fonts/flag-icon-css/flags/1x1/sm.svg]
[www.projetgalilee.tg/app-assets/fonts/flag-icon-css/flags/4x3/sn.svg]
[www.projetgalilee.tg/app-assets/fonts/flag-icon-css/flags/1x1/sn.svg]
[www.projetgalilee.tg/app-assets/fonts/flag-icon-css/flags/4x3/so.svg]
[www.projetgalilee.tg/app-assets/fonts/flag-icon-css/flags/1x1/so.svg]
[www.projetgalilee.tg/app-assets/fonts/flag-icon-css/flags/4x3/sr.svg]
[www.projetgalilee.tg/app-assets/fonts/flag-icon-css/flags/1x1/sr.svg]
[www.projetgalilee.tg/app-assets/fonts/flag-icon-css/flags/4x3/ss.svg]
[www.projetgalilee.tg/app-assets/fonts/flag-icon-css/flags/1x1/ss.svg]
[www.projetgalilee.tg/app-assets/fonts/flag-icon-css/flags/4x3/st.svg]
[www.projetgalilee.tg/app-assets/fonts/flag-icon-css/flags/1x1/st.svg]
[www.projetgalilee.tg/app-assets/fonts/flag-icon-css/flags/4x3/sv.svg]
[www.projetgalilee.tg/app-assets/fonts/flag-icon-css/flags/1x1/sv.svg]
[www.projetgalilee.tg/app-assets/fonts/flag-icon-css/flags/4x3/sx.svg]
[www.projetgalilee.tg/app-assets/fonts/flag-icon-css/flags/1x1/sx.svg]
[www.projetgalilee.tg/app-assets/fonts/flag-icon-css/flags/4x3/sy.svg]
[www.projetgalilee.tg/app-assets/fonts/flag-icon-css/flags/1x1/sy.svg]
[www.projetgalilee.tg/app-assets/fonts/flag-icon-css/flags/4x3/sz.svg]
[www.projetgalilee.tg/app-assets/fonts/flag-icon-css/flags/1x1/sz.svg]
[www.projetgalilee.tg/app-assets/fonts/flag-icon-css/flags/4x3/tc.svg]
[www.projetgalilee.tg/app-assets/fonts/flag-icon-css/flags/1x1/tc.svg]
[www.projetgalilee.tg/app-assets/fonts/flag-icon-css/flags/4x3/td.svg]
[www.projetgalilee.tg/app-assets/fonts/flag-icon-css/flags/1x1/td.svg]
[www.projetgalilee.tg/app-assets/fonts/flag-icon-css/flags/4x3/tf.svg]
[www.projetgalilee.tg/app-assets/fonts/flag-icon-css/flags/1x1/tf.svg]
[www.projetgalilee.tg/app-assets/fonts/flag-icon-css/flags/4x3/tg.svg]
[www.projetgalilee.tg/app-assets/fonts/flag-icon-css/flags/1x1/tg.svg]
[www.projetgalilee.tg/app-assets/fonts/flag-icon-css/flags/4x3/th.svg]
[www.projetgalilee.tg/app-assets/fonts/flag-icon-css/flags/1x1/th.svg]
[www.projetgalilee.tg/app-assets/fonts/flag-icon-css/flags/4x3/tj.svg]
[www.projetgalilee.tg/app-assets/fonts/flag-icon-css/flags/1x1/tj.svg]
[www.projetgalilee.tg/app-assets/fonts/flag-icon-css/flags/4x3/tk.svg]
[www.projetgalilee.tg/app-assets/fonts/flag-icon-css/flags/1x1/tk.svg]
[www.projetgalilee.tg/app-assets/fonts/flag-icon-css/flags/4x3/tl.svg]
[www.projetgalilee.tg/app-assets/fonts/flag-icon-css/flags/1x1/tl.svg]
[www.projetgalilee.tg/app-assets/fonts/flag-icon-css/flags/4x3/tm.svg]
[www.projetgalilee.tg/app-assets/fonts/flag-icon-css/flags/1x1/tm.svg]
[www.projetgalilee.tg/app-assets/fonts/flag-icon-css/flags/4x3/tn.svg]
[www.projetgalilee.tg/app-assets/fonts/flag-icon-css/flags/1x1/tn.svg]
[www.projetgalilee.tg/app-assets/fonts/flag-icon-css/flags/4x3/to.svg]
[www.projetgalilee.tg/app-assets/fonts/flag-icon-css/flags/1x1/to.svg]
[www.projetgalilee.tg/app-assets/fonts/flag-icon-css/flags/4x3/tr.svg]
[www.projetgalilee.tg/app-assets/fonts/flag-icon-css/flags/1x1/tr.svg]
[www.projetgalilee.tg/app-assets/fonts/flag-icon-css/flags/4x3/tt.svg]
[www.projetgalilee.tg/app-assets/fonts/flag-icon-css/flags/1x1/tt.svg]
[www.projetgalilee.tg/app-assets/fonts/flag-icon-css/flags/4x3/tv.svg]
[www.projetgalilee.tg/app-assets/fonts/flag-icon-css/flags/1x1/tv.svg]
[www.projetgalilee.tg/app-assets/fonts/flag-icon-css/flags/4x3/tw.svg]
[www.projetgalilee.tg/app-assets/fonts/flag-icon-css/flags/1x1/tw.svg]
[www.projetgalilee.tg/app-assets/fonts/flag-icon-css/flags/4x3/tz.svg]
[www.projetgalilee.tg/app-assets/fonts/flag-icon-css/flags/1x1/tz.svg]
[www.projetgalilee.tg/app-assets/fonts/flag-icon-css/flags/4x3/ua.svg]
[www.projetgalilee.tg/app-assets/fonts/flag-icon-css/flags/1x1/ua.svg]
[www.projetgalilee.tg/app-assets/fonts/flag-icon-css/flags/4x3/ug.svg]
[www.projetgalilee.tg/app-assets/fonts/flag-icon-css/flags/1x1/ug.svg]
[www.projetgalilee.tg/app-assets/fonts/flag-icon-css/flags/4x3/um.svg]
[www.projetgalilee.tg/app-assets/fonts/flag-icon-css/flags/1x1/um.svg]
[www.projetgalilee.tg/app-assets/fonts/flag-icon-css/flags/4x3/us.svg]
[www.projetgalilee.tg/app-assets/fonts/flag-icon-css/flags/1x1/us.svg]
[www.projetgalilee.tg/app-assets/fonts/flag-icon-css/flags/4x3/uy.svg]
[www.projetgalilee.tg/app-assets/fonts/flag-icon-css/flags/1x1/uy.svg]
[www.projetgalilee.tg/app-assets/fonts/flag-icon-css/flags/4x3/uz.svg]
[www.projetgalilee.tg/app-assets/fonts/flag-icon-css/flags/1x1/uz.svg]
[www.projetgalilee.tg/app-assets/fonts/flag-icon-css/flags/4x3/va.svg]
[www.projetgalilee.tg/app-assets/fonts/flag-icon-css/flags/1x1/va.svg]
[www.projetgalilee.tg/app-assets/fonts/flag-icon-css/flags/4x3/vc.svg]
[www.projetgalilee.tg/app-assets/fonts/flag-icon-css/flags/1x1/vc.svg]
[www.projetgalilee.tg/app-assets/fonts/flag-icon-css/flags/4x3/ve.svg]
[www.projetgalilee.tg/app-assets/fonts/flag-icon-css/flags/1x1/ve.svg]
[www.projetgalilee.tg/app-assets/fonts/flag-icon-css/flags/4x3/vg.svg]
[www.projetgalilee.tg/app-assets/fonts/flag-icon-css/flags/1x1/vg.svg]
[www.projetgalilee.tg/app-assets/fonts/flag-icon-css/flags/4x3/vi.svg]
[www.projetgalilee.tg/app-assets/fonts/flag-icon-css/flags/1x1/vi.svg]
[www.projetgalilee.tg/app-assets/fonts/flag-icon-css/flags/4x3/vn.svg]
[www.projetgalilee.tg/app-assets/fonts/flag-icon-css/flags/1x1/vn.svg]
[www.projetgalilee.tg/app-assets/fonts/flag-icon-css/flags/4x3/vu.svg]
[www.projetgalilee.tg/app-assets/fonts/flag-icon-css/flags/1x1/vu.svg]
[www.projetgalilee.tg/app-assets/fonts/flag-icon-css/flags/4x3/wf.svg]
[www.projetgalilee.tg/app-assets/fonts/flag-icon-css/flags/1x1/wf.svg]
[www.projetgalilee.tg/app-assets/fonts/flag-icon-css/flags/4x3/ws.svg]
[www.projetgalilee.tg/app-assets/fonts/flag-icon-css/flags/1x1/ws.svg]
[www.projetgalilee.tg/app-assets/fonts/flag-icon-css/flags/4x3/ye.svg]
[www.projetgalilee.tg/app-assets/fonts/flag-icon-css/flags/1x1/ye.svg]
[www.projetgalilee.tg/app-assets/fonts/flag-icon-css/flags/4x3/yt.svg]
[www.projetgalilee.tg/app-assets/fonts/flag-icon-css/flags/1x1/yt.svg]
[www.projetgalilee.tg/app-assets/fonts/flag-icon-css/flags/4x3/za.svg]
[www.projetgalilee.tg/app-assets/fonts/flag-icon-css/flags/1x1/za.svg]
[www.projetgalilee.tg/app-assets/fonts/flag-icon-css/flags/4x3/zm.svg]
[www.projetgalilee.tg/app-assets/fonts/flag-icon-css/flags/1x1/zm.svg]
[www.projetgalilee.tg/app-assets/fonts/flag-icon-css/flags/4x3/zw.svg]
[www.projetgalilee.tg/app-assets/fonts/flag-icon-css/flags/1x1/zw.svg]
[www.projetgalilee.tg/app-assets/fonts/flag-icon-css/flags/4x3/eu.svg]
[www.projetgalilee.tg/app-assets/fonts/flag-icon-css/flags/1x1/eu.svg]
[www.projetgalilee.tg/app-assets/fonts/flag-icon-css/flags/4x3/gb-eng.svg]
[www.projetgalilee.tg/app-assets/fonts/flag-icon-css/flags/1x1/gb-eng.svg]
[www.projetgalilee.tg/app-assets/fonts/flag-icon-css/flags/4x3/gb-sct.svg]
[www.projetgalilee.tg/app-assets/fonts/flag-icon-css/flags/1x1/gb-sct.svg]
[www.projetgalilee.tg/app-assets/fonts/flag-icon-css/flags/4x3/gb-wls.svg]
[www.projetgalilee.tg/app-assets/fonts/flag-icon-css/flags/1x1/gb-wls.svg]
[www.projetgalilee.tg/app-assets/images/svg/magnifier.svg]
